atest
ok!
no